## Move the file and back up
```
$ scp scp baz root@192.168.99.102:/
$ ssh root@192.168.99.102
$ cp baz baz.bak
```

## Extract
```
$ mv baz baz.xz
$ xz -d baz.xz
```

## Set up Loop Device
```
$ losetup --find --show baz
```

## RAID
```
$ mdadm -A --scan
$ cat /proc/mdstat                                                                                                                                                 
Personalities : [raid1] 
md127 : active (auto-read-only) raid1 loop0p1[0]
      64448 blocks super 1.2 [2/1] [U_]
```

## LUKS encrypted file
```
$ file -s /dev/md127
/dev/md127: LUKS encrypted file, ver 1 [aes, xts-plain64, sha1] UUID: e9830536-37ac-4d93-a71c-d3ad831e5c24
$ cryptsetup open /dev/md127 krum    
$ cryptsetup status krum
/dev/mapper/krum is active.
  type:    LUKS1
  cipher:  aes-xts-plain64
  keysize: 256 bits
  device:  /dev/md127
  offset:  4096 sectors
  size:    124800 sectors
  mode:    read/write
$ file -s /dev/mapper/krum
/dev/mapper/krum: symbolic link to ../dm-0
$ file -s /dev/dm-0
/dev/dm-0: LVM2 PV (Linux Logical Volume Manager), UUID: c3FxLW-aLnR-qwGj-Xxes-jvGn-Sej1-wfE1pe, size: 63897600
```

## LVM
```
$ file -s /dev/dm-0
/dev/dm-0: LVM2 PV (Linux Logical Volume Manager), UUID: c3FxLW-aLnR-qwGj-Xxes-jvGn-Sej1-wfE1pe, size: 63897600
$ pvdisplay
  --- Physical volume ---
  PV Name               /dev/mapper/krum
  VG Name               vgmaya
  PV Size               60.94 MiB / not usable 4.94 MiB
  Allocatable           yes 
  PE Size               4.00 MiB
  Total PE              14
  Free PE               4
  Allocated PE          10
  PV UUID               c3FxLW-aLnR-qwGj-Xxes-jvGn-Sej1-wfE1p
$ vgdisplay
  --- Volume group ---
  VG Name               vgmaya
  System ID             
  Format                lvm2
  Metadata Areas        1
  Metadata Sequence No  2
  VG Access             read/write
  VG Status             resizable
  MAX LV                0
  Cur LV                1
  Open LV               1
  Max PV                0
  Cur PV                1
  Act PV                1
  VG Size               56.00 MiB
  PE Size               4.00 MiB
  Total PE              14
  Alloc PE / Size       10 / 40.00 MiB
  Free  PE / Size       4 / 16.00 MiB
  VG UUID               GP2dez-BsjJ-HkjL-hNM0-5Fst-Jyjw-Kd2xPO
$ ls /dev/vgmaya/
turing
$ file -s /dev/vgmaya/turing
/dev/vgmaya/turing: symbolic link to ../dm-1
$ file -s /dev/dm-1
/dev/dm-1: BTRFS Filesystem sectorsize 4096, nodesize 4096, leafsize 4096, UUID=19b700f9-bfb0-4a40-9693-71f9ff50cb6f, 53248/41943040 bytes used, 1 devices
```

## Mount
```
mount /dev/mapper/vgmaya-turing /home/student
cd /home/student
```

## CAKE IS A LIE
```
$ ls /home/student
cake.jpg
```